
======================================================================
FlowGuard validation — HI-Small / A4
======================================================================
loaded 5,077,237 transactions
  155 of 215 GFP features vary; reading only those
loaded 155 varying GFP features
train=3,554,066 val=761,749 test=761,422 | test positives 906 | features 167

======================================================================
Training the model under validation
======================================================================
  n=761,422  positives=906  base_rate=0.11899%
  PR-AUC=0.1369  (lift 115.0x)  ROC-AUC=0.9469  best-F1=0.2352
  @  0.1% budget: precision=0.2470 recall=0.2075 (188/761 alerts)
  @  0.5% budget: precision=0.1061 recall=0.4459 (404/3807 alerts)
  @  1.0% budget: precision=0.0637 recall=0.5353 (485/7614 alerts)
  @  5.0% budget: precision=0.0183 recall=0.7682 (696/38071 alerts)
  device=cuda  30.7s

======================================================================
C2 / C3 — sanity baselines
======================================================================
  random     PR-AUC=0.001214 PASS
  constant   PR-AUC=0.001190 PASS
  shuffled   PR-AUC=0.001299 PASS

======================================================================
C7 — determinism
======================================================================
  identical predictions on re-fit: True

======================================================================
C8 — SHAP interpretation
======================================================================
SHAP over 20,000 sampled rows
  top feature: gfp_f185 at 17.7% of mean |SHAP|
  gate C8 (<50%): PASS
  share by family:
    gfp         83.6%
    tx          16.4%
  top features:
    gfp_f185                          17.7%
    gfp_f209                          12.8%
    tx_amount                          6.2%
    gfp_f207                           4.0%
    gfp_f183                           3.6%
    gfp_f192                           3.1%
    tx_amount_received_log             2.8%
    gfp_f208                           2.6%
    gfp_f184                           2.3%
    tx_minute_of_day                   2.2%
    gfp_f200                           1.8%
    gfp_f211                           1.8%

======================================================================
C1 — leakage suite
======================================================================
  32 passed, 7 deselected, 2 warnings in 11.33s

======================================================================
P6 — seed stability
======================================================================
  seed 42     PR-AUC=0.1369
  seed 7      PR-AUC=0.1429
  seed 123    PR-AUC=0.1401
  mean=0.1400 sd=0.0030  =>  2 sigma = 0.0061

======================================================================
P1 / P2 — experiment comparisons
======================================================================
  P2: E1 0.0376 vs E0 0.0011 -> delta +0.0364 > 2 sigma (0.0061)

======================================================================
P7 — temporal stability
======================================================================
temporal stability -- P7 PASS: no monotone decline; spread 0.1493
  2022-09-09 03:15:00+00:00 .. 2022-09-09 12:11:48+00:00  n= 239,133 pos=  184 PR-AUC=0.0946
  2022-09-09 12:11:48+00:00 .. 2022-09-09 21:08:36+00:00  n= 238,463 pos=  229 PR-AUC=0.2002
  2022-09-09 21:08:36+00:00 .. 2022-09-10 06:05:24+00:00  n= 139,972 pos=  130 PR-AUC=0.0609
  2022-09-10 06:05:24+00:00 .. 2022-09-10 15:02:12+00:00  n=  72,077 pos=  196 PR-AUC=0.2102
  2022-09-10 15:02:12+00:00 .. 2022-09-10 23:59:00+00:00  n=  71,777 pos=  167 PR-AUC=0.1362

======================================================================
P8 / P9 — cost
======================================================================
  P8: 487 tx/s vs >= 1,000 required
  P9: 10.93 GB vs <= 10 GB allowed
  inference: 13.10 ms median (batch=1)

======================================================================
Error analysis and robustness slices
======================================================================
at 1.0% alert budget:
  TP=485  FP=7,129  FN=421  TN=753,387

  recall by typology:
    (unannotated)           32.2% (110/342)
    CYCLE                   44.2% (23/52)
    BIPARTITE               55.0% (22/40)
    RANDOM                  56.1% (23/41)
    STACK                   58.0% (47/81)
    GATHER-SCATTER          69.6% (87/125)
    FAN-OUT                 71.4% (45/63)
    FAN-IN                  75.0% (42/56)
    SCATTER-GATHER          81.1% (86/106)

  recall by amount_band:
    (-0.000999, 144.172]     2.4% (1/42)
    (144.172, 613.914]      14.3% (5/35)
    (613.914, 2670.728]     47.6% (68/143)
    (17157.762, 626035501453.45]  59.4% (145/244)
    (2670.728, 17157.762]   60.2% (266/442)

  recall by hour_band:
    18-23                   41.1% (86/209)
    00-05                   48.4% (61/126)
    06-11                   55.6% (139/250)
    12-17                   62.0% (199/321)

  recall by payment_type:
    Bitcoin                  0.0% (0/10)
    Cash                     0.0% (0/17)
    Credit Card              0.0% (0/30)
    Cheque                   5.7% (3/53)
    ACH                     60.6% (482/796)

  recall by pattern_position:
    middle                  62.8% (108/172)
    late                    67.2% (86/128)
    early                   68.6% (181/264)

hard negatives: 172,158 rows; FP rate 2.34% vs ordinary benign 1.11% (2.1x)
unseen-pattern split available; held out ['BIPARTITE', 'SCATTER-GATHER']
feature drift: 15 of 167 features above PSI 0.25

======================================================================
Gate report
======================================================================
CORRECTNESS GATES (a failure voids the result)
  [PASS  ] C2  Shuffled-label PR-AUC within 2x base rate
            shuffled-label PR-AUC 0.001299 vs base rate 0.001190
  [PASS  ] C3  Random-score PR-AUC at base rate
            random-score PR-AUC 0.001214
  [PASS  ] C4  Split boundary timestamps strictly ordered and recorded
            train_end=2022-09-07 14:52:00+00:00, val_end=2022-09-09 03:14:00+00:00; strictly ordered=True
  [PASS  ] C5  Training and inference feature schemas identical
            feature schema hash ca7efed40f449a71 (train) vs ca7efed40f449a71 (test)
  [PASS  ] C7  Same seed and data produce identical predictions
            same seed and data reproduce predictions: True
  [PASS  ] C8  No single feature above 50% of mean |SHAP|
            top feature gfp_f185 holds 17.7% of mean |SHAP|
  [PASS  ] C1  Leakage suite passes
            32 passed, 7 deselected, 2 warnings in 11.33s
  [PASS  ] C6  One command reproduces the headline PR-AUC
            `python -m flowguard.pipeline.run_validation` reproduces this report from the cached feature table; headline PR-AUC 0.1369

PERFORMANCE GATES (a failure is a finding, not a defect)
  [PASS  ] P6  PR-AUC standard deviation across seeds
            sd 0.0030 vs < 0.02
  [SKIP  ] P1  E2 beats E1 by > 2 sigma
            A4 or E1 not in registry
  [PASS  ] P2  E1 beats E0 by > 2 sigma
            delta +0.0364 > 2 sigma (0.0061)
  [SKIP  ] P3  E7 beats E2 by > 2 sigma (or inconclusive)
            E7 not built; feature research not reached
  [PASS  ] P4  Recall at 1% alert budget
            recall 53.5% at 1% budget vs >= 45%
  [PASS  ] P5  No typology at zero recall
            all typologies detected
  [PASS  ] P7  No monotone decline across test sub-windows
            no monotone decline; spread 0.1493
  [FAIL  ] P8  Feature extraction throughput
            487 tx/s vs >= 1,000 required
  [FAIL  ] P9  Peak resident memory
            10.93 GB vs <= 10 GB allowed

Correctness gates all pass; result stands.
logged A4 to the experiment registry

model package -> /mnt/c/Users/vikam/OneDrive/Desktop/Hackathon_project/datathon_research/Project/flowguard/models/flowguard_A4_v1
EXIT: 0
