2,000,000 rows, batch_size=1, paper params
      250,000/2,000,000 (12.5%)    22,105 tx/s  ~1.3 min left
      500,000/2,000,000 (25.0%)    15,548 tx/s  ~1.6 min left
      750,000/2,000,000 (37.5%)     8,106 tx/s  ~2.6 min left
    1,000,000/2,000,000 (50.0%)     5,763 tx/s  ~2.9 min left
    1,250,000/2,000,000 (62.5%)     3,735 tx/s  ~3.3 min left
    1,500,000/2,000,000 (75.0%)     2,410 tx/s  ~3.5 min left
    1,750,000/2,000,000 (87.5%)     1,869 tx/s  ~2.2 min left
continuous {'seconds': 1344.2, 'tx_per_s': 1488, 'rebuilds': 0, 'rebuild_seconds': 0.0}
      250,000/2,000,000 (12.5%)    17,451 tx/s  ~1.7 min left
      500,000/2,000,000 (25.0%)    13,262 tx/s  ~1.9 min left
      750,000/2,000,000 (37.5%)     8,310 tx/s  ~2.5 min left
    1,000,000/2,000,000 (50.0%)     5,523 tx/s  ~3.0 min left
    1,250,000/2,000,000 (62.5%)     3,563 tx/s  ~3.5 min left
    1,500,000/2,000,000 (75.0%)     2,437 tx/s  ~3.4 min left
    1,750,000/2,000,000 (87.5%)     1,847 tx/s  ~2.3 min left
rebuild_100000 {'seconds': 1326.7, 'tx_per_s': 1507, 'rebuilds': 19, 'rebuild_seconds': 54.1}
{
  "continuous": {
    "seconds": 1344.2,
    "tx_per_s": 1488,
    "rebuilds": 0,
    "rebuild_seconds": 0.0
  },
  "rebuild_100000": {
    "seconds": 1326.7,
    "tx_per_s": 1507,
    "rebuilds": 19,
    "rebuild_seconds": 54.1
  },
  "identical": true,
  "max_abs_diff": 0.0,
  "rows": 2000000
}
exit 0
